Difference Between Git Pull and Git Fetch
When you do Git Pull then its pulls all the new files and change file from central repository
and directly place them place them or connect them in your master
Branch.
When you do Git fetch then its do same thing as git pull but it store in different branch so
That when you do git fetch then also perform merge operation hence change is also effect
On local repository.
Rebasing
Rebasing do same thing as git merge but in different way. It also merge another branch
change
In your central repository.
Maneesh Kumar@LAPTOP-DVR563TK MINGW64 /j/Git_Learning (master)
$ git checkout firstbranch
Switched to branch 'firstbranch'
Maneesh Kumar@LAPTOP-DVR563TK MINGW64 /j/Git_Learning (firstbranch)
$ git add -A
Maneesh Kumar@LAPTOP-DVR563TK MINGW64 /j/Git_Learning (firstbranch)
$ git commit -a -m "adding for rebasing"
[firstbranch 803cbaf] adding for rebasing
2 files changed, 2 insertions(+)
create mode 100644 edu5.txt
create mode 100644 edu6.txt
Maneesh Kumar@LAPTOP-DVR563TK MINGW64 /j/Git_Learning (firstbranch)
$ ls
edu1.txt edu2.txt edu3.txt edu4.txt edu5.txt edu6.txt README.md
Maneesh Kumar@LAPTOP-DVR563TK MINGW64 /j/Git_Learning (firstbranch)
$ git checkout master
Switched to branch 'master'
Maneesh Kumar@LAPTOP-DVR563TK MINGW64 /j/Git_Learning (master)
$ ls
edu1.txt edu2.txt edu3.txt edu4.txt README.md
Maneesh Kumar@LAPTOP-DVR563TK MINGW64 /j/Git_Learning (master)
$ git checkout firstbranch
Switched to branch 'firstbranch'
Maneesh Kumar@LAPTOP-DVR563TK MINGW64 /j/Git_Learning (firstbranch)
$ git rebase master
Current branch firstbranch is up to date.
Maneesh Kumar@LAPTOP-DVR563TK MINGW64 /j/Git_Learning (firstbranch)
$ git checkout master
Switched to branch 'master'
Maneesh Kumar@LAPTOP-DVR563TK MINGW64 /j/Git_Learning (master)
$ ls
edu1.txt edu2.txt edu3.txt edu4.txt README.md
Maneesh Kumar@LAPTOP-DVR563TK MINGW64 /j/Git_Learning (master)
$ git rebase firstbranch
First, rewinding head to replay your work on top of it...
Fast-forwarded master to firstbranch.
Maneesh Kumar@LAPTOP-DVR563TK MINGW64 /j/Git_Learning (master)
$ ls
edu1.txt edu2.txt edu3.txt edu4.txt edu5.txt edu6.txt README.md
Push
Genrate ssh key
$ ssh-keygen
Generating public/private rsa key pair.
Enter file in which to save the key (/c/Users/Maneesh Kumar/.ssh/id_rsa):
Created directory '/c/Users/Maneesh Kumar/.ssh'.
Enter passphrase (empty for no passphrase):
Enter same passphrase again:
Your identification has been saved in /c/Users/Maneesh Kumar/.ssh/id_rsa.
Your public key has been saved in /c/Users/Maneesh Kumar/.ssh/id_rsa.pub.
The key fingerprint is:
SHA256:aeCJtPJmzFjlxpNk+KxZfCss8AASINcGxZT66vF3cNk Maneesh Kumar@LAPTOPDVR563TK
The key's randomart image is:
+---[RSA 2048]----+
|= o*o. |
|.o =. |
|o oo = |
|.... & + . |
| +.+ & So |
| @.*.+o.E |
| o.@ oo. |
| .= .... |
| .. .. . |
+----[SHA256]-----+
Maneesh Kumar@LAPTOP-DVR563TK MINGW64 /j/Git_Learning (master)
$ cat "/c/Users/Maneesh Kumar/.ssh/id_rsa.pub"
ssh-rsa AAAAB3NzaC1yc2EAAAADAQABAAABAQC+hJQRyM7TttvYQibuQcC9p4dfUOgM
5hzUin5DGVRf4qI7hSRJVq4YGXHXe6/4T8K4fMoHa+2uZ1xzcLgzTCk7P9sdUUMqnQLfiBitrI
ODbhjs/Nrth30rA/hmpuyBndgo/ZGgXpKDuyJPVzEXtPa0wwfT5zccGz1xlL9ZQaPe1jOG4PI8l
IQw1kVxSpU7WcyeujdsMUcpxdV1obGgOyj0gdnEpmjh1I8vJzNSLkliiIeStNN6jLRRQUsh2A3C
BA21A058Rjk+nAwUa2w3kZE2oKzjaHeo/guDLkiUEF4kzsSInOyP9E6FK1wqM3OKIn200bWT9
AoGGobMLoy8/HFH Maneesh Kumar@LAPTOP-DVR563TK
Maneesh Kumar@LAPTOP-DVR563TK MINGW64 /j/Git_Learning (master)
$ ssh -T git@github.com
Hi Maneesh1234/git_github! You've successfully authenticated, but GitHub does not
provide shell access.
Maneesh Kumar@LAPTOP-DVR563TK MINGW64 /j/Git_Learning (master)
$ git checkout firstbranch
Switched to branch 'firstbranch'
Maneesh Kumar@LAPTOP-DVR563TK MINGW64 /j/Git_Learning (firstbranch)
$ git push origin firstbranch
Enumerating objects: 19, done.
Counting objects: 100% (19/19), done.
Delta compression using up to 4 threads
Compressing objects: 100% (10/10), done.
Writing objects: 100% (18/18), 1.36 KiB | 198.00 KiB/s, done.
Total 18 (delta 3), reused 0 (delta 0)
remote: Resolving deltas: 100% (3/3), done.
remote:
remote: Create a pull request for 'firstbranch' on GitHub by visiting:
remote: https://github.com/Maneesh1234/git_github/pull/new/firstbranch
remote:
To https://github.com/Maneesh1234/git_github.git
* [new branch] firstbranch -> firstbranch
Maneesh Kumar@LAPTOP-DVR563TK MINGW64 /j/Git_Learning (firstbranch)
$ git checkout master
Switched to branch 'master'
Maneesh Kumar@LAPTOP-DVR563TK MINGW64 /j/Git_Learning (master)
$ git push origin master
Total 0 (delta 0), reused 0 (delta 0)
remote:
remote: Create a pull request for 'master' on GitHub by visiting:
remote: https://github.com/Maneesh1234/git_github/pull/new/master
remote:
To https://github.com/Maneesh1234/git_github.git
* [new branch] master -> master
Maneesh Kumar@LAPTOP-DVR563TK MINGW64 /j/Git_Learning (master)
Revert Back Previous Version
Create 1 file( revert.txt)
Maneesh Kumar@LAPTOP-DVR563TK MINGW64 /j/Git_Learning (master)
$ git add revert.txt
Maneesh Kumar@LAPTOP-DVR563TK MINGW64 /j/Git_Learning (master)
$ git commit -m "revert1"
[master 140cd1c] revert1
1 file changed, 1 insertion(+)
create mode 100644 revert.txt
Maneesh Kumar@LAPTOP-DVR563TK MINGW64 /j/Git_Learning (master)
Doing Some modification in revert.txt
Maneesh Kumar@LAPTOP-DVR563TK MINGW64 /j/Git_Learning (master)
$ git commit -a -m "revert2"
[master 58e7e0e] revert2
1 file changed, 1 insertion(+), 1 deletion(-)
$ cat revert.txt
Hello , Good! Hi there
Maneesh Kumar@LAPTOP-DVR563TK MINGW64 /j/Git_Learning (master)
Check Commit Information
$ git log
commit 58e7e0e4746589a4268be7172d88658680cea69f (HEAD -> master)
Author: maneesh kumar <mk049076@gmail.com>
Date: Sat Nov 7 20:59:08 2020 +0530
 revert2
commit 140cd1cbc4628a68e77da9779035fcff1716690e
Author: maneesh kumar <mk049076@gmail.com>
Date: Sat Nov 7 20:53:59 2020 +0530
 revert1
commit 803cbafe8986fe424a620a94eb21b519549bdffb (origin/master, origin/firstbranch,
firstbranch)
Author: maneesh kumar <mk049076@gmail.com>
Date: Sat Nov 7 11:43:47 2020 +0530
 adding for rebasing
commit 0a29e2bb77b416d1b66015112eb4033e411f1d76
Author: maneesh kumar <mk049076@gmail.com>
Date: Fri Nov 6 21:17:38 2020 +0530
 modified edu4
commit c80e18db6b7289f306f40f86f1dec7cccd9dad95
Author: maneesh kumar <mk049076@gmail.com>
Date: Fri Nov 6 20:54:46 2020 +0530
Check revert1 commit information
Maneesh Kumar@LAPTOP-DVR563TK MINGW64 /j/Git_Learning (master)
$ git checkout 140cd1cb revert.txt
Updated 1 path from d9f7846
Maneesh Kumar@LAPTOP-DVR563TK MINGW64 /j/Git_Learning (master)
$ cat revert.txt
Hello , Good
Maneesh Kumar@LAPTOP-DVR563TK MINGW64 /j/Git_Learning (master)
